<?php return array (
  0 => 'Symfony\\Bundle\\FrameworkBundle\\Controller\\AbstractController',
  1 => 'App\\Controller\\AbstractBaseController',
  2 => 'App\\Controller\\CampaignDetectorController',
  3 => 'App\\Controller\\Document\\BlogController',
  4 => 'App\\Controller\\Document\\FaqController',
  5 => 'App\\Controller\\Document\\PageController',
  6 => 'App\\Controller\\Document\\RealisationController',
  7 => 'App\\Controller\\Document\\RedirectController',
  8 => 'App\\Controller\\Document\\TemoignageController',
  9 => 'App\\Controller\\Document\\ZoneController',
  10 => 'App\\Controller\\ErrorController',
  11 => 'App\\Controller\\FunnelController',
  12 => 'App\\Controller\\PagesController',
  13 => 'App\\Controller\\UserAdminController',
  14 => 'App\\Entity\\Api',
  15 => 'App\\Entity\\Blog',
  16 => 'App\\Entity\\BlogAuthor',
  17 => 'App\\Entity\\BlogCategory',
  18 => 'App\\Entity\\BlogCategoryDescription',
  19 => 'App\\Entity\\BlogDescription',
  20 => 'App\\Entity\\City',
  21 => 'App\\Entity\\Department',
  22 => 'App\\Entity\\Employee',
  23 => 'App\\Entity\\EmployeeDescription',
  24 => 'App\\Entity\\Extension',
  25 => 'App\\Entity\\Faq',
  26 => 'App\\Entity\\FaqDescription',
  27 => 'App\\Entity\\Icon',
  28 => 'App\\Entity\\Language',
  29 => 'App\\Entity\\Layout',
  30 => 'App\\Entity\\LayoutModule',
  31 => 'App\\Entity\\LayoutRoute',
  32 => 'App\\Entity\\Member',
  33 => 'App\\Entity\\Membership',
  34 => 'App\\Entity\\MembershipDescription',
  35 => 'App\\Entity\\Menu',
  36 => 'App\\Entity\\MenuDescription',
  37 => 'App\\Entity\\Module',
  38 => 'App\\Entity\\Newsletter',
  39 => 'App\\Entity\\Page',
  40 => 'App\\Entity\\PageDescription',
  41 => 'App\\Entity\\PageModule',
  42 => 'App\\Entity\\PageRoute',
  43 => 'App\\Entity\\Route',
  44 => 'App\\Entity\\Setting',
  45 => 'App\\Entity\\Temoignage',
  46 => 'App\\Entity\\TemoignageDescription',
  47 => 'App\\Entity\\Upload',
  48 => 'App\\Entity\\UrlAlias',
  49 => 'App\\Entity\\User',
  50 => 'App\\Entity\\UserGroup',
  51 => 'App\\Entity\\Video',
  52 => 'App\\Entity\\VideoDescription',
  53 => 'App\\Entity\\Website',
  54 => 'App\\Entity\\Work',
  55 => 'App\\Entity\\WorkCity',
  56 => 'App\\Entity\\WorkCityDescription',
  57 => 'Doctrine\\Bundle\\DoctrineBundle\\Controller\\ProfilerController',
  58 => 'Doctrine\\ORM\\Cache\\Persister\\Entity\\AbstractEntityPersister',
  59 => 'Doctrine\\ORM\\Cache\\Persister\\Entity\\CachedEntityPersister',
  60 => 'Doctrine\\ORM\\Cache\\Persister\\Entity\\NonStrictReadWriteCachedEntityPersister',
  61 => 'Doctrine\\ORM\\Cache\\Persister\\Entity\\ReadOnlyCachedEntityPersister',
  62 => 'Doctrine\\ORM\\Cache\\Persister\\Entity\\ReadWriteCachedEntityPersister',
  63 => 'Doctrine\\ORM\\Persisters\\Entity\\AbstractEntityInheritancePersister',
  64 => 'Doctrine\\ORM\\Persisters\\Entity\\BasicEntityPersister',
  65 => 'Doctrine\\ORM\\Persisters\\Entity\\CachedPersisterContext',
  66 => 'Doctrine\\ORM\\Persisters\\Entity\\EntityPersister',
  67 => 'Doctrine\\ORM\\Persisters\\Entity\\JoinedSubclassPersister',
  68 => 'Doctrine\\ORM\\Persisters\\Entity\\SingleTablePersister',
  69 => 'FM\\ElfinderBundle\\Controller\\ElFinderController',
  70 => 'Gedmo\\Loggable\\Entity\\LogEntry',
  71 => 'Gedmo\\Loggable\\Entity\\MappedSuperclass\\AbstractLogEntry',
  72 => 'Gedmo\\Loggable\\Entity\\Repository\\LogEntryRepository',
  73 => 'Gedmo\\Sortable\\Entity\\Repository\\SortableRepository',
  74 => 'Gedmo\\Translatable\\Entity\\MappedSuperclass\\AbstractPersonalTranslation',
  75 => 'Gedmo\\Translatable\\Entity\\MappedSuperclass\\AbstractTranslation',
  76 => 'Gedmo\\Translatable\\Entity\\Repository\\TranslationRepository',
  77 => 'Gedmo\\Translatable\\Entity\\Translation',
  78 => 'Gedmo\\Translator\\Entity\\Translation',
  79 => 'Gedmo\\Tree\\Entity\\MappedSuperclass\\AbstractClosure',
  80 => 'Gedmo\\Tree\\Entity\\Repository\\AbstractTreeRepository',
  81 => 'Gedmo\\Tree\\Entity\\Repository\\ClosureTreeRepository',
  82 => 'Gedmo\\Tree\\Entity\\Repository\\MaterializedPathRepository',
  83 => 'Gedmo\\Tree\\Entity\\Repository\\NestedTreeRepository',
  84 => 'Omines\\DataTablesBundle\\Controller\\DataTablesTrait',
  86 => 'Symfony\\Bundle\\FrameworkBundle\\Controller\\ControllerResolver',
  87 => 'Symfony\\Bundle\\FrameworkBundle\\Controller\\RedirectController',
  88 => 'Symfony\\Bundle\\FrameworkBundle\\Controller\\TemplateController',
  89 => 'Symfony\\Bundle\\WebProfilerBundle\\Controller\\ExceptionPanelController',
  90 => 'Symfony\\Bundle\\WebProfilerBundle\\Controller\\ProfilerController',
  91 => 'Symfony\\Bundle\\WebProfilerBundle\\Controller\\RouterController',
  92 => 'Symfony\\Component\\HttpKernel\\Controller\\ArgumentResolver',
  93 => 'Symfony\\Component\\HttpKernel\\Controller\\ArgumentResolverInterface',
  94 => 'Symfony\\Component\\HttpKernel\\Controller\\ArgumentResolver\\DefaultValueResolver',
  95 => 'Symfony\\Component\\HttpKernel\\Controller\\ArgumentResolver\\NotTaggedControllerValueResolver',
  96 => 'Symfony\\Component\\HttpKernel\\Controller\\ArgumentResolver\\RequestAttributeValueResolver',
  97 => 'Symfony\\Component\\HttpKernel\\Controller\\ArgumentResolver\\RequestValueResolver',
  98 => 'Symfony\\Component\\HttpKernel\\Controller\\ArgumentResolver\\ServiceValueResolver',
  99 => 'Symfony\\Component\\HttpKernel\\Controller\\ArgumentResolver\\SessionValueResolver',
  100 => 'Symfony\\Component\\HttpKernel\\Controller\\ArgumentResolver\\TraceableValueResolver',
  101 => 'Symfony\\Component\\HttpKernel\\Controller\\ArgumentResolver\\VariadicValueResolver',
  102 => 'Symfony\\Component\\HttpKernel\\Controller\\ArgumentValueResolverInterface',
  103 => 'Symfony\\Component\\HttpKernel\\Controller\\ContainerControllerResolver',
  104 => 'Symfony\\Component\\HttpKernel\\Controller\\ControllerReference',
  105 => 'Symfony\\Component\\HttpKernel\\Controller\\ControllerResolver',
  106 => 'Symfony\\Component\\HttpKernel\\Controller\\ControllerResolverInterface',
  107 => 'Symfony\\Component\\HttpKernel\\Controller\\ErrorController',
  108 => 'Symfony\\Component\\HttpKernel\\Controller\\TraceableArgumentResolver',
  109 => 'Symfony\\Component\\HttpKernel\\Controller\\TraceableControllerResolver',
  110 => 'Symfony\\Component\\Security\\Http\\Controller\\UserValueResolver',
);